# ***** *
/^[\w\-\.]+\@ses\.strefa\-prawa\.pl$/i

# edukoncept
/^[\w\-\.]+\@edukoncept\.org$/i

# szmaty
/^[\w\-\.]+\@(finansowanie|transakcje|prosperity|kompleksowe|wsparcie|doradztwo)\-(dluzne|finansowania|consulting|finansowanie|firm|dlafirm)\.(com\.pl|pl)$/i
/^[\w\-\.]+\@(malinowska|strefa|szkola)\-(doradztwo|prawa)\.(com\.pl|pl)$/i
/^[\w\-]+\@centrumfinansowania\-firm\.pl$/i

# nich spierdalają
/^[\w\-]+\@plfirmy\.pl$/i
/^[\w\-\.]+\@hhlregaly\.pl$/i

# chuje z hawle.pl
/^[\w\-]+\@bouncing\.hawle\.pl$/i

#chińskie gówno
/^[\w]+\@[\w]+\.cn$/i
#mohito
/^[\w\=\-]+\@([\w]\.)*message\.mohito\.com$/i

#jebani hitlerowcy
/^[\w]+\@(?:nickolates|vizerfare)\.de$/i

#skurwysyny aib
/^[\w]+aib\@dpoczta\.pl$/i
/^[\w\-\.]+\@(?:training|centrum|akademia|grupa)(\-aib|aib)\.(com\.)*pl$/i
/^[\w\-\.]+\@(aib|aib\-)*(training|courses|traingandcourses|online|grupa|edukacja|group)\.pl$/i

#ciule bdo
/^[\w\.]+\@bdo\.net\.pl$/i
/^[\w\.]+\@bdoacademy\.pl$/i

#jebani instytuciaze
/^[\w\.]+\@(?:polski\-|fig)instytut\.pl$/i

/^[\w\-]+\@dobradzierzawa\.eu$/i
/^[\w\-]+\@irip\.edu\.pl$/i
/^[\w\.]+\@ceb\.edu\.pl$/i
/^[\w\.]+\@aka\-edu\.pl$/i
/^[\w\-\=\.]+\@ak\.d\.mailin\.fr$/i
/^[\w\.]+\@tmsys.pl$/i
/^[\w\.]+\@fair\.warsawexpo\.eu$/i
/^[\w\.]+\@pie\.pl$/i
/^[\w\.]+\@savemax\.ca$/i
/^[\w\.]+\@equivize\.pl$/i
/^[\w]+\@123oferty\.pl$/i
/^[\w]+\@wowmedia\.pl$/i
/^[\w\.]+\@4edugliwice\.com\.pl$/i
/^[\w\.]+\@hdx[\d]+\.celeo\.net$/i
/^[\w\.]+\@reismin\.com$/i
/^[\w]+\@novestin\.beauty$/i
/^[\w\.]+\@obis\.pl$/i
/^[\w]+\@accrowell\.com$/i
/^[\w]+\@infcs\.pl$/i
/^[\w]+\@von4grid\.dynuddns\.com$/i
/^[\w]+\@terazmodne\.pl$/i
/^[\w\.\-]+\@beastslogos\.pl$/i
/^[\w\.\-]+\@gruinard\.pl$/i
/^[\w\.]+\@artskigs\.pl$/i
/^[\w\=\-\.]+\@amkszkolenia\.pl$/i
/^[\w\.\-]+@cckonsulting\.pl$/i
/^[\w]+\@delancer\.makeup$/i
/^[\w]+\@nistalle\.gb\.net$/i
/^[\w\-]*\@droiders\.com$/i
/^[\w\-]+\@finstalles\.free\.hr$/i
/^[\w\.]+\@segemar\.gov\.ar$/i
/^[\w]+\@adsmaniac\.pl$/i
/^[\w]+\@medium\.media\.pl$/i
/^[\w]+\@industrialcompany\.pl$/i
/^[\w]+\@boolkins\.be$/i
/^[\w\-]+\@krainaofert\.pl$/i
/^[\w\.]+\@szkoleniawec\.eu$/i
/^[\w\-\.]+\@nu\.onedyn\.pl$/i
/^[\w\-\.]+\@unima2000\.pl$/i
/^[\w\-]+\@pozyczkaobrotowa\.pl$/i
/^[\w]+\@administrator24\.info$/i
/^[\w]+\@pozycjatop1\.pl$/i
/^[\w]+\@eu\-serwis\.pl$/i
/^(zwroty|kontakt)\@pozytywnydzien\.pl$/i
/^[\w]+\@doradztwo\-sme\.pl$/i
/^[\w]+\@fignews\.pl$/i
/^[\w\.]+\@frdl\-podlaskie\.pl$/i
/^[\w\-\.]+\@(consulting|doradztwo\-|linia\-)msp\.(com\.pl|pl)$/i
/^[\w]+\@seopioneer\.pl$/i
/^[\w]+\@moda\d{4}\.pl$/i
/^[\w]+\@codziennikpolski\.pl$/i
/^[\w\=\-\.]+\@[\w]\.mailsare\.com$/i
/^[\w]+\@[\w\.\-]+\.ru$/i
/^[\w]+\@fmail\.highmetop\.com$/i
/^[\w\.]+\@crennenrealty\.com$/i
/^[\w]+\@apollotruckrepair\.com$/i
/^[\w]+\@reforma\.info\.pl$/i
/^[\w]+\@gointro\.pl$/i
/^[\w]+\@infimka\.pl$/i
/^[\w]+\@vin\-cabidos\.com$/i
/^[\w\=\-]+\@spmailtechno\.com$/i
/^[\w]+\@maxis\-store\.radio\.am$/i
/^[\w]+\@mal\-wod\.pl$/i
/^[\w]+\@projex\.com\.pl$/i
/^[\w\.]+\@heatdeity\.pl$/i
/^[\w]+\@histolen\.radio\.fm$/i
/^[\w]+\@[\w]+\.[\w]d0\.pl$/i
/^[\w\.]+\@falconstudio\.pl$/i
/^[\w\.]+\@yopmail\.com$/i
/^[\w\.]+\@e\-ppk\.pl$/i
/^[\w\.]+\@flyrick\.pl$/i
/^[\w]+\@strona\-internetowa24\.pl$/i
/^[\w]+\@isp-krakow\.pl$/i
/^[\w]+\@atrainer\.pl$/i
/^[\w\.]+\@bizfirmfuse\.pl$/i
/^[\w]+\@[\w\.]+brillen\.pl$/i
/^[\w]+\@loveambie\.com$/i
/^[\w]+\@bomis\.eu$/i
/^[\w]+\@cbepolska\.pl$/i
/^[\w]+\@esal\-szkolenia\.pl$/i
/^[\w\.]+\@glowstone\.com\.pl$/i
/^[\w]+\@frdl\-szkolenia\.pl$/i
/^[\w]+\@mail\-news\.pl$/i
/^[\w]+\@mgm\-biznes\.pl$/i
/^[\w]+\@(szkoleniainwencja|inwencjaszkolenia)\.(pl|eu)$/i
/^[\w\.]+\@moby\.pl$/i
/^[\w]+\@usus[\d]*\.edu\.pl$/i
/^[\w\.]+\@gfw\.pl$/i
/^[\w\.]+\@4business\-pozycja1\.pl$/i
/^[\w\.]+\@greatagencyonline\.pl$/i
/^[\w]+\@expertmoneycenter\.pl$/i
/^[\w\.]+\@furejmailnews\.info$/i
/^[\w\.]+\@joinsalemedia\.com\.pl$/i
/^[\w\.]+\@[\w]+\.lazystore\.pl$/i
/^[\w\.]+\@cassym\.pl$/i
/^[\w]+\@pltravel\.pl$/i
/^[\w\.]+\@usagered\.pl$/i
/^[\w\.]+\@rubyinfo\.pl$/i
/^[\w]+\@ekorum\.com\.pl$/i
/^[\w\.]+\@[\w]\.invisio\.pl$/i
/^[\w\.]+\@doradzamfin\.pl$/i
/^[\w\.]+\@euro\-con\.pl$/i
/^[\w]+\@discounting\.ch$/i
/^[\w]+\@ai\-nakaz\.eu$/i
/^[\w\.]+\@crf\.pl$/i
/^[\w\.]+\@osklublin\.biz\.pl$/i
/^[\w]+\@adkszkolenia\.com\.pl$/i
/^[\w]+\@noweprzetargi[\d]*\.pl$/i
/^[\w]+\@wyslij\.co$/i
/^[\w]+\@projex\.info\.pl$/i
/^[\w]+\@[\d]+strategie\.pl$/i
/^[\w\.]+\@cskexpert\.com\.pl$/i
/^[\w\.]+\@onlinemile\.pl$/i
/^[\w\-\.]+\@iph\-lg\.org\.pl$/i
/^[\w\-\.]+\@maaglab\.pl$/i
/^[\w\-\.]+\@wydawnictwomartel\.pl$/i
/^[\w]+\@avkakademia\.pl$/i
/^[\w]+\@jstedu\.pl$/i
/^[\w]+\@edu\-tax\.com\.pl$/i
/^[\w\=\-\.]+\@crm\-biddetail\.com$/i
/^szkoleniabjb\@gmail\.com$/i
/^[\w]+\@beeducation\.pl$/i
/^[\w\.]+\@prosperity\-solutions\.pl$/i
/^[\w\.]+\@csk\.expert$/i
/^[\w]*\@emailserwer\.pl$/i
/^[\w\.]+\@deluxoffice\.com\.pl$/i
/^[\w\.]+\@h\.lendoma\.pl$/i
/^[\w\.]+\@multiexpo\.pl$/i
/^[\w]+\@[\w]+[\d]+\.energysaver\.solutions$/i
/^[\w]+\@afficenter\.pl$/i
/^[\w]+\@powerpromo\.pl$/i
/^[\w\.]+\@irpbb\.bielsko\.pl$/i
/^[\w\.]+\@info\.topdelivery\.net\.pl$/i
/^[\w\.]+\@e\-bmp\.pl$/i
/^[\w]+\@(?:administracjapubliczna|przetargipubliczne|finansepubliczne|inwestycjesp|informacjapubliczna|kkwadministracji)\.info$/i
/^[\w\.]+\@specializable\.pl$/i
/^[\w]+\@(edukacja|zapisy)(-online|on-line)\.(com\.pl|pl|com)$/i
/^[\w\.]+\@edukacjaonline\.eu$/i
/^[\w\-\.]+\@griniar\.pl$/i
/^[\w\.]+\@a-ppk\.pl$/i
/^[\w\.]+\@dzial\-finansowy\.com$/i
/^[\w\.]+\@toprogress\.pl$/i
/^[\w\.]+\@yourindustry\.pl$/i
/^[\w\.]+\@tradedraft\.com\.pl$/i
/^[\w\.]+\@(news.)*(biurowe|send)360\.pl$/i
/^[\w\=\-\.]+\@emerson\.com$/i
/^[\w]+\@praktyczne\-szkolenia\.pl$/i
/^[\w\-]+\@[\w\.]*mentorszkoli\.pl$/i
/^[\w\.]+\@itc\-poland\.pl$/i
/^[\w\=\-\.]+\@.\.enewsletter\.com\.pl$/i
/^[\w\=\-\.]+\@irp\.bielsko\.pl$/i
/^[\w\=\-\.]+\@[\w\.]*wizytowkii\.pl$/i
/^[\w\=\-\.]+\@projektfinansowania[\w\.]*\.pl$/i
/^[\w\=\-\.]+\@[\w\.]*\.ibiznes\.info\.pl$/i
/^[\w]+\@pl\-biznes\.eu$/i
/^[\w\=\-\.]+\@(b2bmail|wspolpracab2b)\.com\.pl$/i
/^[\w]+\@strategie\-b2b\.pl$/i
/^[\w]+\@sem-dlab2b\.pl$/i
/^[\w\.]+\@owal[\w]*\.edu\.pl$/i
/^[\w\.]+\@[\w\.]*emaillabs\.net\.pl$/i
#/^[\w\-]+\@[\w\.]*news\.wip\.pl$/i
#/^[\w\-]+\@[\w\.]*elamed-news\.pl$/i
/^[\w\-\.]+\@[\w\.]*mailing\.salelifter\.com$/i
/^[\w\-\.]+\@[\w\.]*mail\-source\.pl$/i
/^[\w\=\-\.]+\@[\w\.]*(?:znakomita|specjalna|niecodzienna)\-oferta\.pl$/iu
/^[\w\-\.]+\@(infos|konsult)\.edu\.pl$/i
/^[\w\-\.]+\@[\d]edu(?:\.|\-)(?:info|mail|szkolenia)\.pl$/iu
/^[\w]+@yellows\-pager\.fr$/i
/^[\w]+\@tascania\-grill\.li$/i
/^[\w\=\-\.]+\@kolba\.pl$/i
/^[\w\=\-\.]+\@news\.send24\.pl$/iu
/^[\w\=\-\.]+\@z\.wydaw\.pl$/iu
/^[\w\=\-\.]+\@(?:emlgrid|smgrid|emsgrid)\.(?:pl|com)$/i
/^[\w\=\-\.]+\@[\w]+\.freshmail\.(?:direct|mx)$/iu
#/^[\w\=\-\.]+\@eu[\w\-]+\.amazonses\.com$/iu
/^(?:grupa|kadry|refkadr|organizacyjny|kadrowy|sekretarka|kadrowa)[\d]*\@server[\d]+\.nazwa\.pl$/i
/^[\w\-\.]+\@[\w\-]*seneka[\w\-]*\.pl$/iu
#/^[\w\-\.]+\@senekaszkolenia\.pl$/iu
/^[\w\=\-\.]+\@parkcity\.free\.hr$/iu
#bounce bez clickmeeting
#/^bounce([\w\-])*\@(bounce)*.((?!clickmeeting).)*\.(com|pl)$/i
#/^[\w\=\-\.]+\@bounce\.[\w\-\.]+(?<!clickmeeting)\.(?:com|pl)$/iu
#/^([\w\=\-\.]+\@bounce\.){1}([\w\-\.]+)*([^clickmeeting])\.(com|pl)$/i
#/^[\w\=\-\.]+\@bounce\.([\w\-\.]+)*\.(com|pl)$/i
/^bounce([\w\-\.\=])*\@(bounce)*[\w\.\-]+\.(com|pl)$/i
#optimal smart
/^[\w]+\@optimal\-smart\.pl$/iu
#service expert
/^[\w\=\-\.]+\@[\w]+\.service\-expert\.net$/iu
#platforma edukacyjna
/^[\w\=\-\.]+\@(mailing\.)*platformaedukacyjna\.eu$/i
#rsgsv
/^[\w\=\-\.]+\@[\w\.]+\.rsgsv\.net$/iu
#plusinfo
/^[\w\=\-\.]+\@[\w\.]*plusinfo\.pl$/iu
#euro training
/^[\w\=\-\.]+\@euro\-training\.(info|pl)$/i
#zcmail
/^[\w\=\-\.]+\@[\w\.]+\.zcmail\.net$/iu
#ofe
/^kontakt\@ofe[\d]+\.pl$/iu
#acc
/^[\w\=\-\.]+\@acc\.net\.pl$/iu
#attmail
#/^[\w\=\-\.]+(?<!km-tech\.eu=serwis)\@attmail\.pl$/iu
#biznes finanse
/^[\w]+\@biznes\-finanse\-24\.pl$/i

/^[\w]+\@[\w]+\.tenmlne\.pl$/i
/^[\w\.]+\@mail\.to\-sie\-oplaca\.pl$/i
/^[\w\=\-\.]+\@bounce\.ecomailapp\.cz$/i
/^[\w\=\-\.]+\@vistall\.hz\.cz$/i
#cpi
/^(?:info|konferencja|contactcenter)\@(cpi-)*(cpi|sk|seminaria|szkolenia)(-cpi)*\.(?:waw|info)\.pl$/i

